<?xml version="1.0" encoding="UTF-8"?>
<TestRun id="ad943b5f-ffbc-4680-b0f8-bc0b12145749" name="Omri@OMRIG-AIR 2011-09-23 18:09:45" runUser="omrig-air\Omri" xmlns="http://microsoft.com/schemas/VisualStudio/TeamTest/2010">
  <TestSettings name="Default Test Settings" id="d5a850ed-0fdf-4449-ab79-34a33f67c99d">
    <Deployment runDeploymentRoot="Omri_OMRIG-AIR 2011-09-23 18_09_45">
      <DeploymentItem filename="C:\Users\Omri\Documents\Visual Studio 2010\Projects\TaskStore\TaskStoreWebMvc3\bin\TaskStoreWebMvc3.dll" />
    </Deployment>
    <Execution>
      <TestTypeSpecific />
      <AgentRule name="Execution Agents">
      </AgentRule>
    </Execution>
  </TestSettings>
  <Times creation="2011-09-23T18:09:45.7235451-07:00" queuing="2011-09-23T18:09:47.0486209-07:00" start="2011-09-23T18:09:47.1286254-07:00" finish="2011-09-23T18:09:47.9086701-07:00" />
  <ResultSummary outcome="Failed">
    <Counters total="3" executed="3" passed="1" error="0" failed="2" timeout="0" aborted="0" inconclusive="0" passedButRunAborted="0" notRunnable="0" notExecuted="0" disconnected="0" warning="0" completed="0" inProgress="0" pending="0" />
    <RunInfos>
      <RunInfo computerName="OMRIG-AIR" outcome="Warning" timestamp="2011-09-23T18:09:47.0386203-07:00">
        <Text>Warning: Test Run deployment issue: The assembly or module 'System.Net' directly or indirectly referenced by the test container 'c:\users\omri\documents\visual studio 2010\projects\taskstore\taskstorewinphoneutilitiestests\bin\debug\taskstorewinphoneutilitiestests.dll' was not found.</Text>
      </RunInfo>
      <RunInfo computerName="OMRIG-AIR" outcome="Warning" timestamp="2011-09-23T18:09:47.0386203-07:00">
        <Text>Warning: Test Run deployment issue: The assembly or module 'System.Windows' directly or indirectly referenced by the test container 'c:\users\omri\documents\visual studio 2010\projects\taskstore\taskstorewinphoneutilitiestests\bin\debug\taskstorewinphoneutilitiestests.dll' was not found.</Text>
      </RunInfo>
      <RunInfo computerName="OMRIG-AIR" outcome="Warning" timestamp="2011-09-23T18:09:47.0386203-07:00">
        <Text>Warning: Test Run deployment issue: The assembly or module 'System.ServiceModel.Web' directly or indirectly referenced by the test container 'c:\users\omri\documents\visual studio 2010\projects\taskstore\taskstorewinphoneutilitiestests\bin\debug\taskstorewinphoneutilitiestests.dll' was not found.</Text>
      </RunInfo>
      <RunInfo computerName="OMRIG-AIR" outcome="Warning" timestamp="2011-09-23T18:09:47.0386203-07:00">
        <Text>Warning: Test Run deployment issue: The assembly or module 'System.Runtime.Serialization' directly or indirectly referenced by the test container 'c:\users\omri\documents\visual studio 2010\projects\taskstore\taskstorewinphoneutilitiestests\bin\debug\taskstorewinphoneutilitiestests.dll' was not found.</Text>
      </RunInfo>
      <RunInfo computerName="OMRIG-AIR" outcome="Warning" timestamp="2011-09-23T18:09:47.0386203-07:00">
        <Text>Warning: Test Run deployment issue: The assembly or module 'Microsoft.ApplicationServer.ServiceModel' directly or indirectly referenced by the test container 'c:\users\omri\documents\visual studio 2010\projects\taskstore\taskstorewebmvc3.tests\bin\debug\taskstorewebmvc3.tests.dll' was not found.</Text>
      </RunInfo>
    </RunInfos>
  </ResultSummary>
  <TestDefinitions>
    <UnitTest name="EnqueueDequeue" storage="c:\users\omri\documents\visual studio 2010\projects\taskstore\taskstorewinphoneutilitiestests\bin\debug\taskstorewinphoneutilitiestests.dll" id="2f3285a6-7bbd-6e32-f0b2-28f3104094f4">
      <Execution id="7143ced6-da16-46f9-a1ae-0bb4c436c5f0" />
      <TestMethod codeBase="C:/Users/Omri/Documents/Visual Studio 2010/Projects/TaskStore/TaskStoreWinPhoneUtilitiesTests/bin/Debug/TaskStoreWinPhoneUtilitiesTests.DLL" adapterTypeName="Microsoft.VisualStudio.TestTools.TestTypes.Unit.UnitTestAdapter, Microsoft.VisualStudio.QualityTools.Tips.UnitTest.Adapter, Version=10.0.0.0, Culture=neutral, PublicKeyToken=b03f5f7f11d50a3a" className="TaskStoreWinPhoneUtilitiesTests.RequestQueueTest, TaskStoreWinPhoneUtilitiesTests, Version=1.0.0.0, Culture=neutral, PublicKeyToken=null" name="EnqueueDequeue" />
    </UnitTest>
    <UnitTest name="About" storage="c:\users\omri\documents\visual studio 2010\projects\taskstore\taskstorewebmvc3.tests\bin\debug\taskstorewebmvc3.tests.dll" id="635724ed-892b-6d9a-c9c1-81ca4a4b151f">
      <Execution id="68290f2b-3958-435c-a496-e4e332eb2c8e" />
      <TestMethod codeBase="C:/Users/Omri/Documents/Visual Studio 2010/Projects/TaskStore/TaskStoreWebMvc3.Tests/bin/Debug/TaskStoreWebMvc3.Tests.DLL" adapterTypeName="Microsoft.VisualStudio.TestTools.TestTypes.Unit.UnitTestAdapter, Microsoft.VisualStudio.QualityTools.Tips.UnitTest.Adapter, Version=10.0.0.0, Culture=neutral, PublicKeyToken=b03f5f7f11d50a3a" className="TaskStoreWebMvc3.Tests.Controllers.HomeControllerTest, TaskStoreWebMvc3.Tests, Version=1.0.0.0, Culture=neutral, PublicKeyToken=null" name="About" />
    </UnitTest>
    <UnitTest name="Index" storage="c:\users\omri\documents\visual studio 2010\projects\taskstore\taskstorewebmvc3.tests\bin\debug\taskstorewebmvc3.tests.dll" id="84fcc731-b33a-5530-30f6-eec7126c68de">
      <Execution id="6a52ef1f-2fa0-40a2-9d73-6c5bf5c357a1" />
      <TestMethod codeBase="C:/Users/Omri/Documents/Visual Studio 2010/Projects/TaskStore/TaskStoreWebMvc3.Tests/bin/Debug/TaskStoreWebMvc3.Tests.DLL" adapterTypeName="Microsoft.VisualStudio.TestTools.TestTypes.Unit.UnitTestAdapter, Microsoft.VisualStudio.QualityTools.Tips.UnitTest.Adapter, Version=10.0.0.0, Culture=neutral, PublicKeyToken=b03f5f7f11d50a3a" className="TaskStoreWebMvc3.Tests.Controllers.HomeControllerTest, TaskStoreWebMvc3.Tests, Version=1.0.0.0, Culture=neutral, PublicKeyToken=null" name="Index" />
    </UnitTest>
  </TestDefinitions>
  <TestLists>
    <TestList name="Results Not in a List" id="8c84fa94-04c1-424b-9868-57a2d4851a1d" />
    <TestList name="All Loaded Results" id="19431567-8539-422a-85d7-44ee4e166bda" />
  </TestLists>
  <TestEntries>
    <TestEntry testId="2f3285a6-7bbd-6e32-f0b2-28f3104094f4" executionId="7143ced6-da16-46f9-a1ae-0bb4c436c5f0" testListId="8c84fa94-04c1-424b-9868-57a2d4851a1d" />
    <TestEntry testId="635724ed-892b-6d9a-c9c1-81ca4a4b151f" executionId="68290f2b-3958-435c-a496-e4e332eb2c8e" testListId="8c84fa94-04c1-424b-9868-57a2d4851a1d" />
    <TestEntry testId="84fcc731-b33a-5530-30f6-eec7126c68de" executionId="6a52ef1f-2fa0-40a2-9d73-6c5bf5c357a1" testListId="8c84fa94-04c1-424b-9868-57a2d4851a1d" />
  </TestEntries>
  <Results>
    <UnitTestResult executionId="7143ced6-da16-46f9-a1ae-0bb4c436c5f0" testId="2f3285a6-7bbd-6e32-f0b2-28f3104094f4" testName="EnqueueDequeue" computerName="OMRIG-AIR" duration="00:00:00.0708207" startTime="2011-09-23T18:09:47.1516268-07:00" endTime="2011-09-23T18:09:47.4956464-07:00" testType="13cdc9d9-ddb5-4fa4-a97d-d965ccfc6d4b" outcome="Failed" testListId="8c84fa94-04c1-424b-9868-57a2d4851a1d" relativeResultsDirectory="7143ced6-da16-46f9-a1ae-0bb4c436c5f0">
      <Output>
        <ErrorInfo>
          <Message>Test method TaskStoreWinPhoneUtilitiesTests.RequestQueueTest.EnqueueDequeue threw exception: 
System.IO.FileNotFoundException: Could not load file or assembly 'System.ServiceModel.Web, Version=2.0.5.0, Culture=neutral, PublicKeyToken=7cec85d7bea7798e' or one of its dependencies. The system cannot find the file specified.WRN: Assembly binding logging is turned OFF.
To enable assembly bind failure logging, set the registry value [HKLM\Software\Microsoft\Fusion!EnableLog] (DWORD) to 1.
Note: There is some performance penalty associated with assembly bind failure logging.
To turn this feature off, remove the registry value [HKLM\Software\Microsoft\Fusion!EnableLog].
</Message>
          <StackTrace>    at TaskStoreWinPhoneUtilities.RequestQueue.EnqueueRequestRecord(RequestRecord newRecord)
   at TaskStoreWinPhoneUtilitiesTests.RequestQueueTest.EnqueueDequeue() in C:\Users\Omri\Documents\Visual Studio 2010\Projects\TaskStore\TaskStoreWinPhoneUtilitiesTests\RequestQueueTest.cs:line 24
</StackTrace>
        </ErrorInfo>
      </Output>
    </UnitTestResult>
    <UnitTestResult executionId="68290f2b-3958-435c-a496-e4e332eb2c8e" testId="635724ed-892b-6d9a-c9c1-81ca4a4b151f" testName="About" computerName="OMRIG-AIR" duration="00:00:00.0642263" startTime="2011-09-23T18:09:47.4976466-07:00" endTime="2011-09-23T18:09:47.7926634-07:00" testType="13cdc9d9-ddb5-4fa4-a97d-d965ccfc6d4b" outcome="Passed" testListId="8c84fa94-04c1-424b-9868-57a2d4851a1d" relativeResultsDirectory="68290f2b-3958-435c-a496-e4e332eb2c8e">
    </UnitTestResult>
    <UnitTestResult executionId="6a52ef1f-2fa0-40a2-9d73-6c5bf5c357a1" testId="84fcc731-b33a-5530-30f6-eec7126c68de" testName="Index" computerName="OMRIG-AIR" duration="00:00:00.0718321" startTime="2011-09-23T18:09:47.7946635-07:00" endTime="2011-09-23T18:09:47.8706679-07:00" testType="13cdc9d9-ddb5-4fa4-a97d-d965ccfc6d4b" outcome="Failed" testListId="8c84fa94-04c1-424b-9868-57a2d4851a1d" relativeResultsDirectory="6a52ef1f-2fa0-40a2-9d73-6c5bf5c357a1">
      <Output>
        <ErrorInfo>
          <Message>Test method TaskStoreWebMvc3.Tests.Controllers.HomeControllerTest.Index threw exception: 
System.NullReferenceException: Object reference not set to an instance of an object.</Message>
          <StackTrace>    at TaskStoreWebMvc3.Controllers.HomeController.Index() in C:\Users\Omri\Documents\Visual Studio 2010\Projects\TaskStore\TaskStoreWebMvc3\Controllers\HomeController.cs:line 19
   at TaskStoreWebMvc3.Tests.Controllers.HomeControllerTest.Index() in C:\Users\Omri\Documents\Visual Studio 2010\Projects\TaskStore\TaskStoreWebMvc3.Tests\Controllers\HomeControllerTest.cs:line 22
</StackTrace>
        </ErrorInfo>
      </Output>
    </UnitTestResult>
  </Results>
</TestRun>